// Jest Snapshot v1, https://goo.gl/fbAQLP

exports[`matches snapshot test 1`] = `
<DocumentFragment>
  <div>
    <h1>
        
    </h1>
  </div>
</DocumentFragment>
`;
